This file contains any messages produced by compilers while
running configure, to aid debugging if configure makes a mistake.

It was created by configure, which was
generated by GNU Autoconf 2.64.  Invocation command line was

  $ ./configure --prefix=/usr

## --------- ##
## Platform. ##
## --------- ##

hostname = cranberry
uname -m = i686
uname -r = 2.6.31-20-generic-pae
uname -s = Linux
uname -v = #57-Ubuntu SMP Mon Feb 8 10:23:59 UTC 2010

/usr/bin/uname -p = unknown
/bin/uname -X     = unknown

/bin/arch              = unknown
/usr/bin/arch -k       = unknown
/usr/convex/getsysinfo = unknown
/usr/bin/hostinfo      = unknown
/bin/machine           = unknown
/usr/bin/oslevel       = unknown
/bin/universe          = unknown

PATH: /usr/local/sbin
PATH: /usr/local/bin
PATH: /usr/sbin
PATH: /usr/bin
PATH: /sbin
PATH: /bin
PATH: /usr/games
PATH: /usr/local/lab/bin
PATH: /lab_home/sugaya/bin
PATH: /usr/local/cuda/bin


## ----------- ##
## Core tests. ##
## ----------- ##

configure:2395: checking for a BSD-compatible install
configure:2463: result: /usr/bin/install -c
configure:2474: checking whether build environment is sane
configure:2524: result: yes
configure:2665: checking for a thread-safe mkdir -p
configure:2704: result: /bin/mkdir -p
configure:2717: checking for gawk
configure:2747: result: no
configure:2717: checking for mawk
configure:2733: found /usr/bin/mawk
configure:2744: result: mawk
configure:2755: checking whether make sets $(MAKE)
configure:2777: result: yes
configure:2877: checking build system type
configure:2891: result: i686-pc-linux-gnu
configure:2911: checking host system type
configure:2924: result: i686-pc-linux-gnu
configure:2956: checking for style of include used by make
configure:2984: result: GNU
configure:3054: checking for gcc
configure:3070: found /usr/bin/gcc
configure:3081: result: gcc
configure:3310: checking for C compiler version
configure:3319: gcc --version >&5
gcc (Ubuntu 4.4.1-4ubuntu9) 4.4.1
Copyright (C) 2009 Free Software Foundation, Inc.
This is free software; see the source for copying conditions.  There is NO
warranty; not even for MERCHANTABILITY or FITNESS FOR A PARTICULAR PURPOSE.

configure:3330: $? = 0
configure:3319: gcc -v >&5
Using built-in specs.
Target: i486-linux-gnu
Configured with: ../src/configure -v --with-pkgversion='Ubuntu 4.4.1-4ubuntu9' --with-bugurl=file:///usr/share/doc/gcc-4.4/README.Bugs --enable-languages=c,c++,fortran,objc,obj-c++ --prefix=/usr --enable-shared --enable-multiarch --enable-linker-build-id --with-system-zlib --libexecdir=/usr/lib --without-included-gettext --enable-threads=posix --with-gxx-include-dir=/usr/include/c++/4.4 --program-suffix=-4.4 --enable-nls --enable-clocale=gnu --enable-libstdcxx-debug --enable-objc-gc --enable-targets=all --disable-werror --with-arch-32=i486 --with-tune=generic --enable-checking=release --build=i486-linux-gnu --host=i486-linux-gnu --target=i486-linux-gnu
Thread model: posix
gcc version 4.4.1 (Ubuntu 4.4.1-4ubuntu9) 
configure:3330: $? = 0
configure:3319: gcc -V >&5
gcc: '-V' option must have argument
configure:3330: $? = 1
configure:3319: gcc -qversion >&5
gcc: unrecognized option '-qversion'
gcc: no input files
configure:3330: $? = 1
configure:3352: checking for C compiler default output file name
configure:3374: gcc    conftest.c  >&5
configure:3378: $? = 0
configure:3415: result: a.out
configure:3431: checking whether the C compiler works
configure:3440: ./a.out
configure:3444: $? = 0
configure:3459: result: yes
configure:3466: checking whether we are cross compiling
configure:3468: result: no
configure:3471: checking for suffix of executables
configure:3478: gcc -o conftest    conftest.c  >&5
configure:3482: $? = 0
configure:3504: result: 
configure:3510: checking for suffix of object files
configure:3532: gcc -c   conftest.c >&5
configure:3536: $? = 0
configure:3557: result: o
configure:3561: checking whether we are using the GNU C compiler
configure:3580: gcc -c   conftest.c >&5
configure:3580: $? = 0
configure:3589: result: yes
configure:3598: checking whether gcc accepts -g
configure:3618: gcc -c -g  conftest.c >&5
configure:3618: $? = 0
configure:3659: result: yes
configure:3676: checking for gcc option to accept ISO C89
configure:3740: gcc  -c -g -O2  conftest.c >&5
configure:3740: $? = 0
configure:3753: result: none needed
configure:3775: checking dependency style of gcc
configure:3885: result: gcc3
configure:3900: checking for a sed that does not truncate output
configure:3964: result: /bin/sed
configure:3982: checking for grep that handles long lines and -e
configure:4040: result: /bin/grep
configure:4045: checking for egrep
configure:4107: result: /bin/grep -E
configure:4112: checking for fgrep
configure:4174: result: /bin/grep -F
configure:4209: checking for ld used by gcc
configure:4276: result: /usr/bin/ld
configure:4283: checking if the linker (/usr/bin/ld) is GNU ld
configure:4298: result: yes
configure:4310: checking for BSD- or MS-compatible name lister (nm)
configure:4359: result: /usr/bin/nm -B
configure:4477: checking the name lister (/usr/bin/nm -B) interface
configure:4484: gcc -c -g -O2  conftest.c >&5
configure:4487: /usr/bin/nm -B "conftest.o"
configure:4490: output
00000000 B some_variable
configure:4497: result: BSD nm
configure:4500: checking whether ln -s works
configure:4504: result: yes
configure:4512: checking the maximum length of command line arguments
configure:4632: result: 1572864
configure:4649: checking whether the shell understands some XSI constructs
configure:4659: result: yes
configure:4663: checking whether the shell understands "+="
configure:4669: result: yes
configure:4704: checking for /usr/bin/ld option to reload object files
configure:4711: result: -r
configure:4780: checking for objdump
configure:4796: found /usr/bin/objdump
configure:4807: result: objdump
configure:4839: checking how to recognize dependent libraries
configure:5035: result: pass_all
configure:5095: checking for ar
configure:5111: found /usr/bin/ar
configure:5122: result: ar
configure:5200: checking for strip
configure:5216: found /usr/bin/strip
configure:5227: result: strip
configure:5299: checking for ranlib
configure:5315: found /usr/bin/ranlib
configure:5326: result: ranlib
configure:5416: checking command to parse /usr/bin/nm -B output from gcc object
configure:5534: gcc -c -g -O2  conftest.c >&5
configure:5537: $? = 0
configure:5541: /usr/bin/nm -B conftest.o \| sed -n -e 's/^.*[	 ]\([ABCDGIRSTW][ABCDGIRSTW]*\)[	 ][	 ]*\([_A-Za-z][_A-Za-z0-9]*\)$/\1 \2 \2/p' \> conftest.nm
configure:5544: $? = 0
configure:5598: gcc -o conftest -g -O2   conftest.c conftstm.o >&5
configure:5601: $? = 0
configure:5639: result: ok
configure:6448: checking how to run the C preprocessor
configure:6479: gcc -E  conftest.c
configure:6479: $? = 0
configure:6493: gcc -E  conftest.c
conftest.c:9:28: error: ac_nonexistent.h: No such file or directory
configure:6493: $? = 1
configure: failed program was:
| /* confdefs.h */
| #define PACKAGE_NAME ""
| #define PACKAGE_TARNAME ""
| #define PACKAGE_VERSION ""
| #define PACKAGE_STRING ""
| #define PACKAGE_BUGREPORT ""
| #define PACKAGE_URL ""
| /* end confdefs.h.  */
| #include <ac_nonexistent.h>
configure:6518: result: gcc -E
configure:6538: gcc -E  conftest.c
configure:6538: $? = 0
configure:6552: gcc -E  conftest.c
conftest.c:9:28: error: ac_nonexistent.h: No such file or directory
configure:6552: $? = 1
configure: failed program was:
| /* confdefs.h */
| #define PACKAGE_NAME ""
| #define PACKAGE_TARNAME ""
| #define PACKAGE_VERSION ""
| #define PACKAGE_STRING ""
| #define PACKAGE_BUGREPORT ""
| #define PACKAGE_URL ""
| /* end confdefs.h.  */
| #include <ac_nonexistent.h>
configure:6581: checking for ANSI C header files
configure:6601: gcc -c -g -O2  conftest.c >&5
configure:6601: $? = 0
configure:6674: gcc -o conftest -g -O2   conftest.c  >&5
configure:6674: $? = 0
configure:6674: ./conftest
configure:6674: $? = 0
configure:6685: result: yes
configure:6698: checking for sys/types.h
configure:6698: gcc -c -g -O2  conftest.c >&5
configure:6698: $? = 0
configure:6698: result: yes
configure:6698: checking for sys/stat.h
configure:6698: gcc -c -g -O2  conftest.c >&5
configure:6698: $? = 0
configure:6698: result: yes
configure:6698: checking for stdlib.h
configure:6698: gcc -c -g -O2  conftest.c >&5
configure:6698: $? = 0
configure:6698: result: yes
configure:6698: checking for string.h
configure:6698: gcc -c -g -O2  conftest.c >&5
configure:6698: $? = 0
configure:6698: result: yes
configure:6698: checking for memory.h
configure:6698: gcc -c -g -O2  conftest.c >&5
configure:6698: $? = 0
configure:6698: result: yes
configure:6698: checking for strings.h
configure:6698: gcc -c -g -O2  conftest.c >&5
configure:6698: $? = 0
configure:6698: result: yes
configure:6698: checking for inttypes.h
configure:6698: gcc -c -g -O2  conftest.c >&5
configure:6698: $? = 0
configure:6698: result: yes
configure:6698: checking for stdint.h
configure:6698: gcc -c -g -O2  conftest.c >&5
configure:6698: $? = 0
configure:6698: result: yes
configure:6698: checking for unistd.h
configure:6698: gcc -c -g -O2  conftest.c >&5
configure:6698: $? = 0
configure:6698: result: yes
configure:6713: checking for dlfcn.h
configure:6713: gcc -c -g -O2  conftest.c >&5
configure:6713: $? = 0
configure:6713: result: yes
configure:6897: checking for objdir
configure:6912: result: .libs
configure:7204: checking if gcc supports -fno-rtti -fno-exceptions
configure:7222: gcc -c -g -O2  -fno-rtti -fno-exceptions conftest.c >&5
cc1: warning: command line option "-fno-rtti" is valid for C++/ObjC++ but not for C
configure:7226: $? = 0
configure:7239: result: no
configure:7259: checking for gcc option to produce PIC
configure:7531: result: -fPIC -DPIC
configure:7543: checking if gcc PIC flag -fPIC -DPIC works
configure:7561: gcc -c -g -O2  -fPIC -DPIC -DPIC conftest.c >&5
configure:7565: $? = 0
configure:7578: result: yes
configure:7602: checking if gcc static flag -static works
configure:7630: result: yes
configure:7645: checking if gcc supports -c -o file.o
configure:7666: gcc -c -g -O2  -o out/conftest2.o conftest.c >&5
configure:7670: $? = 0
configure:7692: result: yes
configure:7700: checking if gcc supports -c -o file.o
configure:7747: result: yes
configure:7780: checking whether the gcc linker (/usr/bin/ld) supports shared libraries
configure:8770: result: yes
configure:8807: checking whether -lc should be explicitly linked in
configure:8812: gcc -c -g -O2  conftest.c >&5
configure:8815: $? = 0
configure:8830: gcc -shared conftest.o  -v -Wl,-soname -Wl,conftest -o conftest 2\>\&1 \| /bin/grep  -lc  \>/dev/null 2\>\&1
configure:8833: $? = 0
configure:8845: result: no
configure:9009: checking dynamic linker characteristics
configure:9442: gcc -o conftest -g -O2   -Wl,-rpath -Wl,/foo conftest.c  >&5
configure:9442: $? = 0
configure:9672: result: GNU/Linux ld.so
configure:9774: checking how to hardcode library paths into programs
configure:9799: result: immediate
configure:10319: checking whether stripping libraries is possible
configure:10324: result: yes
configure:10359: checking if libtool supports shared libraries
configure:10361: result: yes
configure:10364: checking whether to build shared libraries
configure:10385: result: yes
configure:10388: checking whether to build static libraries
configure:10392: result: yes
configure:10481: checking for gcc
configure:10508: result: gcc
configure:10737: checking for C compiler version
configure:10746: gcc --version >&5
gcc (Ubuntu 4.4.1-4ubuntu9) 4.4.1
Copyright (C) 2009 Free Software Foundation, Inc.
This is free software; see the source for copying conditions.  There is NO
warranty; not even for MERCHANTABILITY or FITNESS FOR A PARTICULAR PURPOSE.

configure:10757: $? = 0
configure:10746: gcc -v >&5
Using built-in specs.
Target: i486-linux-gnu
Configured with: ../src/configure -v --with-pkgversion='Ubuntu 4.4.1-4ubuntu9' --with-bugurl=file:///usr/share/doc/gcc-4.4/README.Bugs --enable-languages=c,c++,fortran,objc,obj-c++ --prefix=/usr --enable-shared --enable-multiarch --enable-linker-build-id --with-system-zlib --libexecdir=/usr/lib --without-included-gettext --enable-threads=posix --with-gxx-include-dir=/usr/include/c++/4.4 --program-suffix=-4.4 --enable-nls --enable-clocale=gnu --enable-libstdcxx-debug --enable-objc-gc --enable-targets=all --disable-werror --with-arch-32=i486 --with-tune=generic --enable-checking=release --build=i486-linux-gnu --host=i486-linux-gnu --target=i486-linux-gnu
Thread model: posix
gcc version 4.4.1 (Ubuntu 4.4.1-4ubuntu9) 
configure:10757: $? = 0
configure:10746: gcc -V >&5
gcc: '-V' option must have argument
configure:10757: $? = 1
configure:10746: gcc -qversion >&5
gcc: unrecognized option '-qversion'
gcc: no input files
configure:10757: $? = 1
configure:10761: checking whether we are using the GNU C compiler
configure:10789: result: yes
configure:10798: checking whether gcc accepts -g
configure:10859: result: yes
configure:10876: checking for gcc option to accept ISO C89
configure:10953: result: none needed
configure:10975: checking dependency style of gcc
configure:11085: result: gcc3
configure:11143: checking for ranlib
configure:11170: result: ranlib
configure:11196: checking for ANSI C header files
configure:11300: result: yes
configure:11310: checking for unistd.h
configure:11310: result: yes
configure:11321: checking for an ANSI C-conforming const
configure:11386: gcc -c -g -O2  conftest.c >&5
configure:11386: $? = 0
configure:11393: result: yes
configure:11401: checking for size_t
configure:11401: gcc -c -g -O2  conftest.c >&5
configure:11401: $? = 0
configure:11401: gcc -c -g -O2  conftest.c >&5
conftest.c: In function 'main':
conftest.c:59: error: expected expression before ')' token
configure:11401: $? = 1
configure: failed program was:
| /* confdefs.h */
| #define PACKAGE_NAME ""
| #define PACKAGE_TARNAME ""
| #define PACKAGE_VERSION ""
| #define PACKAGE_STRING ""
| #define PACKAGE_BUGREPORT ""
| #define PACKAGE_URL ""
| #define STDC_HEADERS 1
| #define HAVE_SYS_TYPES_H 1
| #define HAVE_SYS_STAT_H 1
| #define HAVE_STDLIB_H 1
| #define HAVE_STRING_H 1
| #define HAVE_MEMORY_H 1
| #define HAVE_STRINGS_H 1
| #define HAVE_INTTYPES_H 1
| #define HAVE_STDINT_H 1
| #define HAVE_UNISTD_H 1
| #define HAVE_DLFCN_H 1
| #define LT_OBJDIR ".libs/"
| #define STDC_HEADERS 1
| #define HAVE_UNISTD_H 1
| /* end confdefs.h.  */
| #include <stdio.h>
| #ifdef HAVE_SYS_TYPES_H
| # include <sys/types.h>
| #endif
| #ifdef HAVE_SYS_STAT_H
| # include <sys/stat.h>
| #endif
| #ifdef STDC_HEADERS
| # include <stdlib.h>
| # include <stddef.h>
| #else
| # ifdef HAVE_STDLIB_H
| #  include <stdlib.h>
| # endif
| #endif
| #ifdef HAVE_STRING_H
| # if !defined STDC_HEADERS && defined HAVE_MEMORY_H
| #  include <memory.h>
| # endif
| # include <string.h>
| #endif
| #ifdef HAVE_STRINGS_H
| # include <strings.h>
| #endif
| #ifdef HAVE_INTTYPES_H
| # include <inttypes.h>
| #endif
| #ifdef HAVE_STDINT_H
| # include <stdint.h>
| #endif
| #ifdef HAVE_UNISTD_H
| # include <unistd.h>
| #endif
| int
| main ()
| {
| if (sizeof ((size_t)))
| 	    return 0;
|   ;
|   return 0;
| }
configure:11401: result: yes
configure:11413: checking for working memcmp
configure:11456: gcc -o conftest -g -O2   conftest.c  >&5
configure:11456: $? = 0
configure:11456: ./conftest
configure:11456: $? = 0
configure:11466: result: yes
configure:11475: checking return type of signal handlers
configure:11493: gcc -c -g -O2  conftest.c >&5
conftest.c: In function 'main':
conftest.c:29: error: void value not ignored as it ought to be
configure:11493: $? = 1
configure: failed program was:
| /* confdefs.h */
| #define PACKAGE_NAME ""
| #define PACKAGE_TARNAME ""
| #define PACKAGE_VERSION ""
| #define PACKAGE_STRING ""
| #define PACKAGE_BUGREPORT ""
| #define PACKAGE_URL ""
| #define STDC_HEADERS 1
| #define HAVE_SYS_TYPES_H 1
| #define HAVE_SYS_STAT_H 1
| #define HAVE_STDLIB_H 1
| #define HAVE_STRING_H 1
| #define HAVE_MEMORY_H 1
| #define HAVE_STRINGS_H 1
| #define HAVE_INTTYPES_H 1
| #define HAVE_STDINT_H 1
| #define HAVE_UNISTD_H 1
| #define HAVE_DLFCN_H 1
| #define LT_OBJDIR ".libs/"
| #define STDC_HEADERS 1
| #define HAVE_UNISTD_H 1
| /* end confdefs.h.  */
| #include <sys/types.h>
| #include <signal.h>
| 
| int
| main ()
| {
| return *(signal (0, 0)) (0) == 1;
|   ;
|   return 0;
| }
configure:11500: result: void
configure:11510: checking for vprintf
configure:11510: gcc -o conftest -g -O2   conftest.c  >&5
conftest.c:47: warning: conflicting types for built-in function 'vprintf'
configure:11510: $? = 0
configure:11510: result: yes
configure:11516: checking for _doprnt
configure:11516: gcc -o conftest -g -O2   conftest.c  >&5
/tmp/ccmGQ8Ql.o: In function `main':
/lab_home/sugaya/tmp/libteo-1.2.6pre1/conftest.c:59: undefined reference to `_doprnt'
collect2: ld returned 1 exit status
configure:11516: $? = 1
configure: failed program was:
| /* confdefs.h */
| #define PACKAGE_NAME ""
| #define PACKAGE_TARNAME ""
| #define PACKAGE_VERSION ""
| #define PACKAGE_STRING ""
| #define PACKAGE_BUGREPORT ""
| #define PACKAGE_URL ""
| #define STDC_HEADERS 1
| #define HAVE_SYS_TYPES_H 1
| #define HAVE_SYS_STAT_H 1
| #define HAVE_STDLIB_H 1
| #define HAVE_STRING_H 1
| #define HAVE_MEMORY_H 1
| #define HAVE_STRINGS_H 1
| #define HAVE_INTTYPES_H 1
| #define HAVE_STDINT_H 1
| #define HAVE_UNISTD_H 1
| #define HAVE_DLFCN_H 1
| #define LT_OBJDIR ".libs/"
| #define STDC_HEADERS 1
| #define HAVE_UNISTD_H 1
| #define RETSIGTYPE void
| #define HAVE_VPRINTF 1
| /* end confdefs.h.  */
| /* Define _doprnt to an innocuous variant, in case <limits.h> declares _doprnt.
|    For example, HP-UX 11i <limits.h> declares gettimeofday.  */
| #define _doprnt innocuous__doprnt
| 
| /* System header to define __stub macros and hopefully few prototypes,
|     which can conflict with char _doprnt (); below.
|     Prefer <limits.h> to <assert.h> if __STDC__ is defined, since
|     <limits.h> exists even on freestanding compilers.  */
| 
| #ifdef __STDC__
| # include <limits.h>
| #else
| # include <assert.h>
| #endif
| 
| #undef _doprnt
| 
| /* Override any GCC internal prototype to avoid an error.
|    Use char because int might match the return type of a GCC
|    builtin and then its argument prototype would still apply.  */
| #ifdef __cplusplus
| extern "C"
| #endif
| char _doprnt ();
| /* The GNU C library defines this for functions which it implements
|     to always fail with ENOSYS.  Some functions are actually named
|     something starting with __ and the normal name is an alias.  */
| #if defined __stub__doprnt || defined __stub____doprnt
| choke me
| #endif
| 
| int
| main ()
| {
| return _doprnt ();
|   ;
|   return 0;
| }
configure:11516: result: no
configure:11530: checking if --enable-gzip option specified
configure:11539: result: 
configure:11551: checking for system in -lc
configure:11576: gcc -o conftest -g -O2   conftest.c -lc   >&5
configure:11576: $? = 0
configure:11585: result: yes
configure:11597: checking for popen in -lc
configure:11622: gcc -o conftest -g -O2   conftest.c -lc   >&5
configure:11622: $? = 0
configure:11631: result: yes
configure:11662: checking if --enable-signal-trap option specified
configure:11819: creating ./config.status

## ---------------------- ##
## Running config.status. ##
## ---------------------- ##

This file was extended by config.status, which was
generated by GNU Autoconf 2.64.  Invocation command line was

  CONFIG_FILES    = 
  CONFIG_HEADERS  = 
  CONFIG_LINKS    = 
  CONFIG_COMMANDS = 
  $ ./config.status 

on cranberry

config.status:1072: creating Makefile
config.status:1072: creating src/Makefile
config.status:1072: creating doc/Makefile
config.status:1072: creating macros/Makefile
config.status:1072: creating teo.pc
config.status:1072: creating libteo.spec
config.status:1072: creating config.h
config.status:1244: config.h is unchanged
config.status:1292: executing depfiles commands
config.status:1292: executing libtool commands

## ---------------- ##
## Cache variables. ##
## ---------------- ##

ac_cv_build=i686-pc-linux-gnu
ac_cv_c_compiler_gnu=yes
ac_cv_c_const=yes
ac_cv_env_CC_set=
ac_cv_env_CC_value=
ac_cv_env_CFLAGS_set=
ac_cv_env_CFLAGS_value=
ac_cv_env_CPPFLAGS_set=
ac_cv_env_CPPFLAGS_value=
ac_cv_env_CPP_set=
ac_cv_env_CPP_value=
ac_cv_env_LDFLAGS_set=
ac_cv_env_LDFLAGS_value=
ac_cv_env_LIBS_set=
ac_cv_env_LIBS_value=
ac_cv_env_build_alias_set=
ac_cv_env_build_alias_value=
ac_cv_env_host_alias_set=
ac_cv_env_host_alias_value=
ac_cv_env_target_alias_set=
ac_cv_env_target_alias_value=
ac_cv_func__doprnt=no
ac_cv_func_memcmp_working=yes
ac_cv_func_vprintf=yes
ac_cv_header_dlfcn_h=yes
ac_cv_header_inttypes_h=yes
ac_cv_header_memory_h=yes
ac_cv_header_stdc=yes
ac_cv_header_stdint_h=yes
ac_cv_header_stdlib_h=yes
ac_cv_header_string_h=yes
ac_cv_header_strings_h=yes
ac_cv_header_sys_stat_h=yes
ac_cv_header_sys_types_h=yes
ac_cv_header_unistd_h=yes
ac_cv_host=i686-pc-linux-gnu
ac_cv_lib_c_popen=yes
ac_cv_lib_c_system=yes
ac_cv_objext=o
ac_cv_path_EGREP='/bin/grep -E'
ac_cv_path_FGREP='/bin/grep -F'
ac_cv_path_GREP=/bin/grep
ac_cv_path_SED=/bin/sed
ac_cv_path_install='/usr/bin/install -c'
ac_cv_path_mkdir=/bin/mkdir
ac_cv_prog_AWK=mawk
ac_cv_prog_CPP='gcc -E'
ac_cv_prog_ac_ct_AR=ar
ac_cv_prog_ac_ct_CC=gcc
ac_cv_prog_ac_ct_OBJDUMP=objdump
ac_cv_prog_ac_ct_RANLIB=ranlib
ac_cv_prog_ac_ct_STRIP=strip
ac_cv_prog_cc_c89=
ac_cv_prog_cc_g=yes
ac_cv_prog_make_make_set=yes
ac_cv_type_signal=void
ac_cv_type_size_t=yes
am_cv_CC_dependencies_compiler_type=gcc3
lt_cv_deplibs_check_method=pass_all
lt_cv_file_magic_cmd='$MAGIC_CMD'
lt_cv_file_magic_test_file=
lt_cv_ld_reload_flag=-r
lt_cv_nm_interface='BSD nm'
lt_cv_objdir=.libs
lt_cv_path_LD=/usr/bin/ld
lt_cv_path_NM='/usr/bin/nm -B'
lt_cv_prog_compiler_c_o=yes
lt_cv_prog_compiler_pic_works=yes
lt_cv_prog_compiler_rtti_exceptions=no
lt_cv_prog_compiler_static_works=yes
lt_cv_prog_gnu_ld=yes
lt_cv_sys_global_symbol_pipe='sed -n -e '\''s/^.*[	 ]\([ABCDGIRSTW][ABCDGIRSTW]*\)[	 ][	 ]*\([_A-Za-z][_A-Za-z0-9]*\)$/\1 \2 \2/p'\'''
lt_cv_sys_global_symbol_to_c_name_address='sed -n -e '\''s/^: \([^ ]*\) $/  {\"\1\", (void *) 0},/p'\'' -e '\''s/^[ABCDGIRSTW]* \([^ ]*\) \([^ ]*\)$/  {"\2", (void *) \&\2},/p'\'''
lt_cv_sys_global_symbol_to_c_name_address_lib_prefix='sed -n -e '\''s/^: \([^ ]*\) $/  {\"\1\", (void *) 0},/p'\'' -e '\''s/^[ABCDGIRSTW]* \([^ ]*\) \(lib[^ ]*\)$/  {"\2", (void *) \&\2},/p'\'' -e '\''s/^[ABCDGIRSTW]* \([^ ]*\) \([^ ]*\)$/  {"lib\2", (void *) \&\2},/p'\'''
lt_cv_sys_global_symbol_to_cdecl='sed -n -e '\''s/^T .* \(.*\)$/extern int \1();/p'\'' -e '\''s/^[ABCDGIRSTW]* .* \(.*\)$/extern char \1;/p'\'''
lt_cv_sys_max_cmd_len=1572864

## ----------------- ##
## Output variables. ##
## ----------------- ##

ACLOCAL='${SHELL} /lab_home/sugaya/tmp/libteo-1.2.6pre1/missing --run aclocal-1.11'
AMDEPBACKSLASH='\'
AMDEP_FALSE='#'
AMDEP_TRUE=''
AMTAR='${SHELL} /lab_home/sugaya/tmp/libteo-1.2.6pre1/missing --run tar'
AR='ar'
AUTOCONF='${SHELL} /lab_home/sugaya/tmp/libteo-1.2.6pre1/missing --run autoconf'
AUTOHEADER='${SHELL} /lab_home/sugaya/tmp/libteo-1.2.6pre1/missing --run autoheader'
AUTOMAKE='${SHELL} /lab_home/sugaya/tmp/libteo-1.2.6pre1/missing --run automake-1.11'
AWK='mawk'
CC='gcc'
CCDEPMODE='depmode=gcc3'
CFLAGS='-g -O2'
CPP='gcc -E'
CPPFLAGS=''
CYGPATH_W='echo'
DEFS='-DHAVE_CONFIG_H'
DEPDIR='.deps'
DSYMUTIL=''
DUMPBIN=''
ECHO_C=''
ECHO_N='-n'
ECHO_T=''
EGREP='/bin/grep -E'
EXEEXT=''
FGREP='/bin/grep -F'
GREP='/bin/grep'
INSTALL_DATA='${INSTALL} -m 644'
INSTALL_PROGRAM='${INSTALL}'
INSTALL_SCRIPT='${INSTALL}'
INSTALL_STRIP_PROGRAM='$(install_sh) -c -s'
LD='/usr/bin/ld'
LDFLAGS=''
LIBOBJS=''
LIBS=''
LIBTOOL='$(SHELL) $(top_builddir)/libtool'
LIPO=''
LN_S='ln -s'
LTLIBOBJS=''
MAKEINFO='${SHELL} /lab_home/sugaya/tmp/libteo-1.2.6pre1/missing --run makeinfo'
MKDIR_P='/bin/mkdir -p'
NM='/usr/bin/nm -B'
NMEDIT=''
OBJDUMP='objdump'
OBJEXT='o'
OTOOL64=''
OTOOL=''
PACKAGE='libteo'
PACKAGE_BUGREPORT=''
PACKAGE_NAME=''
PACKAGE_STRING=''
PACKAGE_TARNAME=''
PACKAGE_URL=''
PACKAGE_VERSION=''
PATH_SEPARATOR=':'
RANLIB='ranlib'
SED='/bin/sed'
SET_MAKE=''
SHELL='/bin/bash'
STRIP='strip'
VERSION='1.2.6'
ac_ct_CC='gcc'
ac_ct_DUMPBIN=''
am__EXEEXT_FALSE=''
am__EXEEXT_TRUE='#'
am__fastdepCC_FALSE='#'
am__fastdepCC_TRUE=''
am__include='include'
am__isrc=''
am__leading_dot='.'
am__quote=''
am__tar='${AMTAR} chof - "$$tardir"'
am__untar='${AMTAR} xf -'
bindir='${exec_prefix}/bin'
build='i686-pc-linux-gnu'
build_alias=''
build_cpu='i686'
build_os='linux-gnu'
build_vendor='pc'
datadir='${datarootdir}'
datarootdir='${prefix}/share'
docdir='${datarootdir}/doc/${PACKAGE}'
dvidir='${docdir}'
exec_prefix='${prefix}'
host='i686-pc-linux-gnu'
host_alias=''
host_cpu='i686'
host_os='linux-gnu'
host_vendor='pc'
htmldir='${docdir}'
includedir='${prefix}/include'
infodir='${datarootdir}/info'
install_sh='${SHELL} /lab_home/sugaya/tmp/libteo-1.2.6pre1/install-sh'
libdir='${exec_prefix}/lib'
libexecdir='${exec_prefix}/libexec'
localedir='${datarootdir}/locale'
localstatedir='${prefix}/var'
lt_ECHO='echo'
mandir='${datarootdir}/man'
mkdir_p='/bin/mkdir -p'
oldincludedir='/usr/include'
pdfdir='${docdir}'
pkgconfig_dir='/usr/lib/pkgconfig'
prefix='/usr'
program_transform_name='s,x,x,'
psdir='${docdir}'
sbindir='${exec_prefix}/sbin'
sharedstatedir='${prefix}/com'
sysconfdir='${prefix}/etc'
target_alias=''

## ----------- ##
## confdefs.h. ##
## ----------- ##

/* confdefs.h */
#define PACKAGE_NAME ""
#define PACKAGE_TARNAME ""
#define PACKAGE_VERSION ""
#define PACKAGE_STRING ""
#define PACKAGE_BUGREPORT ""
#define PACKAGE_URL ""
#define STDC_HEADERS 1
#define HAVE_SYS_TYPES_H 1
#define HAVE_SYS_STAT_H 1
#define HAVE_STDLIB_H 1
#define HAVE_STRING_H 1
#define HAVE_MEMORY_H 1
#define HAVE_STRINGS_H 1
#define HAVE_INTTYPES_H 1
#define HAVE_STDINT_H 1
#define HAVE_UNISTD_H 1
#define HAVE_DLFCN_H 1
#define LT_OBJDIR ".libs/"
#define STDC_HEADERS 1
#define HAVE_UNISTD_H 1
#define RETSIGTYPE void
#define HAVE_VPRINTF 1
#define SUPPORT_GZIP "/usr/bin/gzip"
#define HAVE_SYSTEM 1
#define HAVE_POPEN 1
#define DEFAULT_TMP "/tmp"
#define SUPPORT_SIGNAL_CATCH 1
#define CATCH_SIGNALS {SIGHUP,SIGINT,SIGQUIT,SIGILL,SIGABRT,SIGFPE,SIGBUS,SIGSEGV,SIGPIPE,SIGTERM,0}

configure: exit 0
